[H[J[1;1H[1;1H1    [1;1H0    [H[J[1;1HGRUB_FORCE_PARTUUID set, attempting initrdless boot.
[    0.000000] Linux version 5.15.0-1089-azure (buildd@lcy02-amd64-119) (gcc (Ubuntu 9.4.0-1ubuntu1~20.04.2) 9.4.0, GNU ld (GNU Binutils for Ubuntu) 2.34) #98~20.04.1-Ubuntu SMP Fri May 2 20:18:39 UTC 2025 (Ubuntu 5.15.0-1089.98~20.04.1-azure 5.15.179)
[    0.000000] Command line: BOOT_IMAGE=/boot/vmlinuz-5.15.0-1089-azure root=PARTUUID=e6bff0e0-aeb0-43e4-a42d-6cc823575c69 ro console=tty1 console=ttyS0 earlyprintk=ttyS0 nvme_core.io_timeout=240 panic=-1
[    0.000000] KERNEL supported cpus:
[    0.000000]   Intel GenuineIntel
[    0.000000]   AMD AuthenticAMD
[    0.000000]   Hygon HygonGenuine
[    0.000000]   Centaur CentaurHauls
[    0.000000]   zhaoxin   Shanghai  
[    0.000000] BIOS-provided physical RAM map:
[    0.000000] BIOS-e820: [mem 0x0000000000000000-0x000000000009ffff] usable
[    0.000000] BIOS-e820: [mem 0x00000000000c0000-0x00000000000fffff] reserved
[    0.000000] BIOS-e820: [mem 0x0000000000100000-0x000000000437dfff] usable
[    0.000000] BIOS-e820: [mem 0x000000000437e000-0x000000000477dfff] reserved
[    0.000000] BIOS-e820: [mem 0x000000000477e000-0x000000003ff1efff] usable
[    0.000000] BIOS-e820: [mem 0x000000003ff1f000-0x000000003ffc8fff] reserved
[    0.000000] BIOS-e820: [mem 0x000000003ffc9000-0x000000003fffafff] ACPI data
[    0.000000] BIOS-e820: [mem 0x000000003fffb000-0x000000003fffefff] ACPI NVS
[    0.000000] BIOS-e820: [mem 0x000000003ffff000-0x000000003fffffff] usable
[    0.000000] BIOS-e820: [mem 0x0000000100000000-0x00000001bfffffff] usable
[    0.000000] printk: bootconsole [earlyser0] enabled
[    0.000000] NX (Execute Disable) protection: active
[    0.000000] efi: EFI v2.70 by Microsoft
[    0.000000] efi: ACPI=0x3fffa000 ACPI 2.0=0x3fffa014 SMBIOS=0x3ff88000 SMBIOS 3.0=0x3ff86000 MEMATTR=0x3f41f298 MOKvar=0x3ff83000 RNG=0x3ffd2018 
[    0.000000] random: crng init done
[    0.000000] secureboot: Secure boot disabled
[    0.000000] SMBIOS 3.1.0 present.
[    0.000000] DMI: Microsoft Corporation Virtual Machine/Virtual Machine, BIOS Hyper-V UEFI Release v4.1 06/10/2025
[    0.000000] Hypervisor detected: Microsoft Hyper-V
[    0.000000] Hyper-V: privilege flags low 0x2e7f, high 0x3b8030, hints 0x60c2c, misc 0xed7b2
[    0.000000] Hyper-V Host Build:26102-10.0-1-0.1212
[    0.000000] Hyper-V: LAPIC Timer Frequency: 0xc3500
[    0.000000] Hyper-V: Using hypercall for remote TLB flush
[    0.000000] clocksource: hyperv_clocksource_tsc_page: mask: 0xffffffffffffffff max_cycles: 0x24e6a1710, max_idle_ns: 440795202120 ns
[    0.000002] tsc: Marking TSC unstable due to running on Hyper-V
[    0.003767] tsc: Detected 2593.906 MHz processor
[    0.006751] last_pfn = 0x1c0000 max_arch_pfn = 0x400000000
[    0.010243] x86/PAT: Configuration [0-7]: WB  WC  UC- UC  WB  WP  UC- WT  
Memory KASLR using RDRAND RDTSC...
[    0.016237] last_pfn = 0x40000 max_arch_pfn = 0x400000000
[    0.033836] Using GB pages for direct mapping
[    0.036841] secureboot: Secure boot disabled
[    0.039203] ACPI: Early table checksum verification disabled
[    0.042326] ACPI: RSDP 0x000000003FFFA014 000024 (v02 VRTUAL)
[    0.045598] ACPI: XSDT 0x000000003FFF90E8 00005C (v01 VRTUAL MICROSFT 00000001 MSFT 00000001)
[    0.050461] ACPI: FACP 0x000000003FFF8000 000114 (v06 VRTUAL MICROSFT 00000001 MSFT 00000001)
[    0.055225] ACPI: DSDT 0x000000003FFD6000 01E22B (v02 MSFTVM DSDT01   00000001 INTL 20230628)
[    0.060321] ACPI: FACS 0x000000003FFFE000 000040
[    0.062930] ACPI: OEM0 0x000000003FFF7000 000064 (v01 VRTUAL MICROSFT 00000001 MSFT 00000001)
[    0.068012] ACPI: SPCR 0x000000003FFF6000 000050 (v02 VRTUAL MICROSFT 00000001 MSFT 00000001)
[    0.072809] ACPI: WAET 0x000000003FFF5000 000028 (v01 VRTUAL MICROSFT 00000001 MSFT 00000001)
[    0.077717] ACPI: APIC 0x000000003FFD5000 000058 (v04 VRTUAL MICROSFT 00000001 MSFT 00000001)
[    0.082708] ACPI: SRAT 0x000000003FFD4000 000190 (v02 VRTUAL MICROSFT 00000001 MSFT 00000001)
[    0.087653] ACPI: BGRT 0x000000003FFD3000 000038 (v01 VRTUAL MICROSFT 00000001 MSFT 00000001)
[    0.092433] ACPI: Reserving FACP table memory at [mem 0x3fff8000-0x3fff8113]
[    0.096499] ACPI: Reserving DSDT table memory at [mem 0x3ffd6000-0x3fff422a]
[    0.100625] ACPI: Reserving FACS table memory at [mem 0x3fffe000-0x3fffe03f]
[    0.104466] ACPI: Reserving OEM0 table memory at [mem 0x3fff7000-0x3fff7063]
[    0.108349] ACPI: Reserving SPCR table memory at [mem 0x3fff6000-0x3fff604f]
[    0.112497] ACPI: Reserving WAET table memory at [mem 0x3fff5000-0x3fff5027]
[    0.116777] ACPI: Reserving APIC table memory at [mem 0x3ffd5000-0x3ffd5057]
[    0.120772] ACPI: Reserving SRAT table memory at [mem 0x3ffd4000-0x3ffd418f]
[    0.124780] ACPI: Reserving BGRT table memory at [mem 0x3ffd3000-0x3ffd3037]
[    0.128867] SRAT: PXM 0 -> APIC 0x00 -> Node 0
[    0.131412] SRAT: PXM 0 -> APIC 0x01 -> Node 0
[    0.133885] ACPI: SRAT: Node 0 PXM 0 [mem 0x00000000-0x3fffffff] hotplug
[    0.137680] ACPI: SRAT: Node 0 PXM 0 [mem 0x100000000-0x1bfffffff] hotplug
[    0.141480] ACPI: SRAT: Node 0 PXM 0 [mem 0x1c0200000-0xfdfffffff] hotplug
[    0.145381] ACPI: SRAT: Node 0 PXM 0 [mem 0x1000000000-0xffffffffff] hotplug
[    0.149329] ACPI: SRAT: Node 0 PXM 0 [mem 0x10000200000-0x1ffffffffff] hotplug
[    0.153420] ACPI: SRAT: Node 0 PXM 0 [mem 0x20000200000-0x3ffffffffff] hotplug
[    0.157475] ACPI: SRAT: Node 0 PXM 0 [mem 0x40000200000-0x7ffffffffff] hotplug
[    0.161706] ACPI: SRAT: Node 0 PXM 0 [mem 0x80000200000-0xfffffffffff] hotplug
[    0.166053] NUMA: Node 0 [mem 0x00000000-0x3fffffff] + [mem 0x100000000-0x1bfffffff] -> [mem 0x00000000-0x1bfffffff]
[    0.172601] NODE_DATA(0) allocated [mem 0x1bffd6000-0x1bfffffff]
[    0.176712] Zone ranges:
[    0.178402]   DMA      [mem 0x0000000000001000-0x0000000000ffffff]
[    0.182113]   DMA32    [mem 0x0000000001000000-0x00000000ffffffff]
[    0.185712]   Normal   [mem 0x0000000100000000-0x00000001bfffffff]
[    0.189188]   Device   empty
[    0.191021] Movable zone start for each node
[    0.193541] Early memory node ranges
[    0.195558]   node   0: [mem 0x0000000000001000-0x000000000009ffff]
[    0.199272]   node   0: [mem 0x0000000000100000-0x000000000437dfff]
[    0.203015]   node   0: [mem 0x000000000477e000-0x000000003ff1efff]
[    0.206807]   node   0: [mem 0x000000003ffff000-0x000000003fffffff]
[    0.210614]   node   0: [mem 0x0000000100000000-0x00000001bfffffff]
[    0.214203] Initmem setup node 0 [mem 0x0000000000001000-0x00000001bfffffff]
[    0.218279] On node 0, zone DMA: 1 pages in unavailable ranges
[    0.218309] On node 0, zone DMA: 96 pages in unavailable ranges
[    0.223867] On node 0, zone DMA32: 1024 pages in unavailable ranges
[    0.227368] On node 0, zone DMA32: 224 pages in unavailable ranges
[    0.236816] ACPI: PM-Timer IO Port: 0x408
[    0.243400] ACPI: LAPIC_NMI (acpi_id[0x01] dfl dfl lint[0x1])
[    0.247112] IOAPIC[0]: apic_id 2, version 17, address 0xfec00000, GSI 0-23
[    0.251216] ACPI: INT_SRC_OVR (bus 0 bus_irq 9 global_irq 9 high level)
[    0.255158] ACPI: Using ACPI (MADT) for SMP configuration information
[    0.259082] ACPI: SPCR: console: uart,io,0x3f8,115200
[    0.262007] smpboot: Allowing 2 CPUs, 0 hotplug CPUs
[    0.264959] PM: hibernation: Registered nosave memory: [mem 0x00000000-0x00000fff]
[    0.269251] PM: hibernation: Registered nosave memory: [mem 0x000a0000-0x000bffff]
[    0.273558] PM: hibernation: Registered nosave memory: [mem 0x000c0000-0x000fffff]
[    0.277937] PM: hibernation: Registered nosave memory: [mem 0x0437e000-0x0477dfff]
[    0.282081] PM: hibernation: Registered nosave memory: [mem 0x3ff1f000-0x3ffc8fff]
[    0.286385] PM: hibernation: Registered nosave memory: [mem 0x3ffc9000-0x3fffafff]
[    0.290343] PM: hibernation: Registered nosave memory: [mem 0x3fffb000-0x3fffefff]
[    0.294581] PM: hibernation: Registered nosave memory: [mem 0x40000000-0xffffffff]
[    0.298630] [mem 0x40000000-0xffffffff] available for PCI devices
[    0.302480] Booting paravirtualized kernel on Hyper-V
[    0.305329] clocksource: refined-jiffies: mask: 0xffffffff max_cycles: 0xffffffff, max_idle_ns: 7645519600211568 ns
[    0.311295] setup_percpu: NR_CPUS:8192 nr_cpumask_bits:2 nr_cpu_ids:2 nr_node_ids:1
[    0.315811] percpu: Embedded 61 pages/cpu s212992 r8192 d28672 u1048576
[    0.319452] Hyper-V: PV spinlocks enabled
[    0.321641] PV qspinlock hash table entries: 256 (order: 0, 4096 bytes, linear)
[    0.325788] Built 1 zonelists, mobility grouping on.  Total pages: 1029129
[    0.329461] Policy zone: Normal
[    0.331300] Kernel command line: BOOT_IMAGE=/boot/vmlinuz-5.15.0-1089-azure root=PARTUUID=e6bff0e0-aeb0-43e4-a42d-6cc823575c69 ro console=tty1 console=ttyS0 earlyprintk=ttyS0 nvme_core.io_timeout=240 panic=-1
[    0.341987] Unknown kernel command line parameters "BOOT_IMAGE=/boot/vmlinuz-5.15.0-1089-azure", will be passed to user space.
[    0.348851] Dentry cache hash table entries: 524288 (order: 10, 4194304 bytes, linear)
[    0.353446] Inode-cache hash table entries: 262144 (order: 9, 2097152 bytes, linear)
[    0.357799] mem auto-init: stack:off, heap alloc:on, heap free:off
[    0.387962] Memory: 3976016K/4188924K available (16392K kernel code, 4308K rwdata, 10440K rodata, 3100K init, 17012K bss, 212648K reserved, 0K cma-reserved)
[    0.396392] SLUB: HWalign=64, Order=0-3, MinObjects=0, CPUs=2, Nodes=1
[    0.400145] Kernel/User page tables isolation: enabled
Poking KASLR using RDRAND RDTSC...
[    0.404680] ftrace: allocating 48602 entries in 190 pages
[    0.434615] ftrace: allocated 190 pages with 6 groups
[    0.438033] rcu: Hierarchical RCU implementation.
[    0.440658] rcu: 	RCU restricting CPUs from NR_CPUS=8192 to nr_cpu_ids=2.
[    0.444691] 	Rude variant of Tasks RCU enabled.
[    0.447340] 	Tracing variant of Tasks RCU enabled.
[    0.449917] rcu: RCU calculated value of scheduler-enlistment delay is 25 jiffies.
[    0.454274] rcu: Adjusting geometry for rcu_fanout_leaf=16, nr_cpu_ids=2
[    0.463286] Using NULL legacy PIC
[    0.465659] NR_IRQS: 524544, nr_irqs: 440, preallocated irqs: 0
[    0.469550] Console: colour dummy device 80x25
[    0.472181] printk: console [tty1] enabled
[    0.474707] printk: console [ttyS0] enabled
[    0.474707] printk: console [ttyS0] enabled
[    0.479519] printk: bootconsole [earlyser0] disabled
[    0.479519] printk: bootconsole [earlyser0] disabled
[    0.485105] ACPI: Core revision 20210730
[    0.487497] Failed to register legacy timer interrupt
[    0.490522] APIC: Switch to symmetric I/O mode setup
[    0.493523] Hyper-V: Using IPI hypercalls
[    0.495889] Hyper-V: Using enlightened APIC (xapic mode)
[    0.496006] Calibrating delay loop (skipped), value calculated using timer frequency.. 5187.81 BogoMIPS (lpj=10375624)
[    0.500001] Last level iTLB entries: 4KB 64, 2MB 8, 4MB 8
[    0.500001] Last level dTLB entries: 4KB 64, 2MB 32, 4MB 32, 1GB 4
[    0.500001] Spectre V1 : Mitigation: usercopy/swapgs barriers and __user pointer sanitization
[    0.500001] Spectre V2 : Mitigation: Retpolines
[    0.500001] Spectre V2 : Spectre v2 / SpectreRSB mitigation: Filling RSB on context switch
[    0.500001] Spectre V2 : Spectre v2 / SpectreRSB : Filling RSB on VMEXIT
[    0.500001] RETBleed: WARNING: Spectre v2 mitigation leaves CPU vulnerable to RETBleed attacks, data leaks possible!
[    0.500001] RETBleed: Vulnerable
[    0.500001] Speculative Store Bypass: Vulnerable
[    0.500001] MDS: Mitigation: Clear CPU buffers
[    0.500001] TAA: Mitigation: Clear CPU buffers
[    0.500001] MMIO Stale Data: Vulnerable: Clear CPU buffers attempted, no microcode
[    0.500001] GDS: Unknown: Dependent on hypervisor status
[    0.500001] x86/fpu: Supporting XSAVE feature 0x001: 'x87 floating point registers'
[    0.500001] x86/fpu: Supporting XSAVE feature 0x002: 'SSE registers'
[    0.500001] x86/fpu: Supporting XSAVE feature 0x004: 'AVX registers'
[    0.500001] x86/fpu: Supporting XSAVE feature 0x020: 'AVX-512 opmask'
[    0.500001] x86/fpu: Supporting XSAVE feature 0x040: 'AVX-512 Hi256'
[    0.500001] x86/fpu: Supporting XSAVE feature 0x080: 'AVX-512 ZMM_Hi256'
[    0.500001] x86/fpu: xstate_offset[2]:  576, xstate_sizes[2]:  256
[    0.500001] x86/fpu: xstate_offset[5]:  832, xstate_sizes[5]:   64
[    0.500001] x86/fpu: xstate_offset[6]:  896, xstate_sizes[6]:  512
[    0.500001] x86/fpu: xstate_offset[7]: 1408, xstate_sizes[7]: 1024
[    0.500001] x86/fpu: Enabled xstate features 0xe7, context size is 2432 bytes, using 'compacted' format.
[    0.500001] Freeing SMP alternatives memory: 44K
[    0.500001] pid_max: default: 32768 minimum: 301
[    0.500001] LSM: Security Framework initializing
[    0.500001] landlock: Up and running.
[    0.500001] Yama: becoming mindful.
[    0.500001] AppArmor: AppArmor initialized
[    0.500001] Mount-cache hash table entries: 8192 (order: 4, 65536 bytes, linear)
[    0.500001] Mountpoint-cache hash table entries: 8192 (order: 4, 65536 bytes, linear)
[    0.500001] smpboot: CPU0: Intel(R) Xeon(R) Platinum 8272CL CPU @ 2.60GHz (family: 0x6, model: 0x55, stepping: 0x7)
[    0.500157] Performance Events: unsupported p6 CPU model 85 no PMU driver, software events only.
[    0.504019] signal: max sigframe size: 3632
[    0.506425] rcu: Hierarchical SRCU implementation.
[    0.508364] NMI watchdog: Perf NMI watchdog permanently disabled
[    0.511899] smp: Bringing up secondary CPUs ...
[    0.512105] x86: Booting SMP configuration:
[    0.514778] .... node  #0, CPUs:      #1
[    0.515162] smp: Brought up 1 node, 2 CPUs
[    0.518375] smpboot: Max logical packages: 1
[    0.520004] smpboot: Total of 2 processors activated (10375.62 BogoMIPS)
[    0.524266] devtmpfs: initialized
[    0.525881] x86/mm: Memory block size: 128MB
[    0.528387] ACPI: PM: Registering ACPI NVS region [mem 0x3fffb000-0x3fffefff] (16384 bytes)
[    0.532050] clocksource: jiffies: mask: 0xffffffff max_cycles: 0xffffffff, max_idle_ns: 7645041785100000 ns
[    0.536012] futex hash table entries: 512 (order: 3, 32768 bytes, linear)
[    0.540072] pinctrl core: initialized pinctrl subsystem
[    0.543610] PM: RTC time: 10:18:13, date: 2026-03-02
[    0.544216] NET: Registered PF_NETLINK/PF_ROUTE protocol family
[    0.547835] DMA: preallocated 512 KiB GFP_KERNEL pool for atomic allocations
[    0.548114] DMA: preallocated 512 KiB GFP_KERNEL|GFP_DMA pool for atomic allocations
[    0.552109] DMA: preallocated 512 KiB GFP_KERNEL|GFP_DMA32 pool for atomic allocations
[    0.556016] audit: initializing netlink subsys (disabled)
[    0.559108] audit: type=2000 audit(1772446692.060:1): state=initialized audit_enabled=0 res=1
[    0.559108] thermal_sys: Registered thermal governor 'fair_share'
[    0.560006] thermal_sys: Registered thermal governor 'bang_bang'
[    0.563438] thermal_sys: Registered thermal governor 'step_wise'
[    0.564004] thermal_sys: Registered thermal governor 'user_space'
[    0.567328] thermal_sys: Registered thermal governor 'power_allocator'
[    0.568011] EISA bus registered
[    0.572020] cpuidle: using governor ladder
[    0.574356] cpuidle: using governor menu
[    0.576057] ACPI: bus type PCI registered
[    0.578277] acpiphp: ACPI Hot Plug PCI Controller Driver version: 0.5
[    0.581495] kprobes: kprobe jump-optimization is enabled. All kprobes are optimized if possible.
[    0.584051] HugeTLB registered 1.00 GiB page size, pre-allocated 0 pages
[    0.588007] HugeTLB registered 2.00 MiB page size, pre-allocated 0 pages
[    0.592082] ACPI: Added _OSI(Module Device)
[    0.596011] ACPI: Added _OSI(Processor Device)
[    0.598625] ACPI: Added _OSI(3.0 _SCP Extensions)
[    0.600023] ACPI: Added _OSI(Processor Aggregator Device)
[    0.603147] ACPI: Added _OSI(Linux-Dell-Video)
[    0.604005] ACPI: Added _OSI(Linux-Lenovo-NV-HDMI-Audio)
[    0.607090] ACPI: Added _OSI(Linux-HPI-Hybrid-Graphics)
[    0.617213] ACPI: 1 ACPI AML tables successfully acquired and loaded
[    0.620878] ACPI: Interpreter enabled
[    0.623153] ACPI: PM: (supports S0 S5)
[    0.624012] ACPI: Using IOAPIC for interrupt routing
[    0.626919] PCI: Using host bridge windows from ACPI; if necessary, use "pci=nocrs" and report a bug
[    0.628014] PCI: Using E820 reservations for host bridge windows
[    0.631587] ACPI: Enabled 1 GPEs in block 00 to 0F
[    0.632904] iommu: Default domain type: Translated 
[    0.634674] iommu: DMA domain TLB invalidation policy: lazy mode 
[    0.636145] SCSI subsystem initialized
[    0.638319] vgaarb: loaded
[    0.640025] ACPI: bus type USB registered
[    0.642351] usbcore: registered new interface driver usbfs
[    0.644011] usbcore: registered new interface driver hub
[    0.646964] usbcore: registered new device driver usb
[    0.648028] pps_core: LinuxPPS API ver. 1 registered
[    0.651142] pps_core: Software ver. 5.3.6 - Copyright 2005-2007 Rodolfo Giometti <giometti@linux.it>
[    0.652006] PTP clock support registered
[    0.654237] EDAC MC: Ver: 3.0.0
[    0.656057] Registered efivars operations
[    0.658459] hv_vmbus: Vmbus version:4.0
[    0.660527] NetLabel: Initializing
[    0.662533] NetLabel:  domain hash size = 128
[    0.664004] NetLabel:  protocols = UNLABELED CIPSOv4 CALIPSO
[    0.667117] NetLabel:  unlabeled traffic allowed by default
[    0.668036] PCI: Using ACPI for IRQ routing
[    0.670289] PCI: System does not support PCI
[    0.672097] clocksource: Switched to clocksource hyperv_clocksource_tsc_page
[    0.690656] VFS: Disk quotas dquot_6.6.0
[    0.693367] VFS: Dquot-cache hash table entries: 512 (order 0, 4096 bytes)
[    0.697713] AppArmor: AppArmor Filesystem Enabled
[    0.701105] pnp: PnP ACPI init
[    0.703050] pnp: PnP ACPI: found 3 devices
[    0.712625] clocksource: acpi_pm: mask: 0xffffff max_cycles: 0xffffff, max_idle_ns: 2085701024 ns
[    0.717799] NET: Registered PF_INET protocol family
[    0.720653] IP idents hash table entries: 65536 (order: 7, 524288 bytes, linear)
[    0.725708] tcp_listen_portaddr_hash hash table entries: 2048 (order: 3, 32768 bytes, linear)
[    0.730734] Table-perturb hash table entries: 65536 (order: 6, 262144 bytes, linear)
[    0.735324] TCP established hash table entries: 32768 (order: 6, 262144 bytes, linear)
[    0.739883] TCP bind hash table entries: 32768 (order: 7, 524288 bytes, linear)
[    0.743932] TCP: Hash tables configured (established 32768 bind 32768)
[    0.747628] MPTCP token hash table entries: 4096 (order: 4, 98304 bytes, linear)
[    0.751958] UDP hash table entries: 2048 (order: 4, 65536 bytes, linear)
[    0.755989] UDP-Lite hash table entries: 2048 (order: 4, 65536 bytes, linear)
[    0.760310] NET: Registered PF_UNIX/PF_LOCAL protocol family
[    0.763707] NET: Registered PF_XDP protocol family
[    0.766693] PCI: CLS 0 bytes, default 64
[    0.768931] PCI-DMA: Using software bounce buffering for IO (SWIOTLB)
[    0.772689] software IO TLB: mapped [mem 0x000000003a694000-0x000000003e694000] (64MB)
[    0.777826] Initialise system trusted keyrings
[    0.780578] Key type blacklist registered
[    0.783015] workingset: timestamp_bits=36 max_order=20 bucket_order=0
[    0.787853] zbud: loaded
[    0.789677] squashfs: version 4.0 (2009/01/31) Phillip Lougher
[    0.793366] fuse: init (API version 7.34)
[    0.796117] integrity: Platform Keyring initialized
[    0.806631] Key type asymmetric registered
[    0.809112] Asymmetric key parser 'x509' registered
[    0.812161] Block layer SCSI generic (bsg) driver version 0.4 loaded (major 244)
[    0.816506] io scheduler mq-deadline registered
[    0.819220] shpchp: Standard Hot Plug PCI Controller Driver version: 0.4
[    0.823021] hv_vmbus: registering driver hv_pci
[    0.825931] Serial: 8250/16550 driver, 32 ports, IRQ sharing enabled
[    0.856428] 00:00: ttyS0 at I/O 0x3f8 (irq = 4, base_baud = 115200) is a 16550A
[    0.888041] 00:01: ttyS1 at I/O 0x2f8 (irq = 3, base_baud = 115200) is a 16550A
[    0.894067] Linux agpgart interface v0.103
[    0.898215] loop: module loaded
[    0.900323] hv_vmbus: registering driver hv_storvsc
[    0.903568] tun: Universal TUN/TAP device driver, 1.6
[    0.906670] PPP generic driver version 2.4.2
[    0.906737] scsi host0: storvsc_host_t
[    0.909293] VFIO - User Level meta-driver version: 0.3
[    0.911857] scsi 0:0:0:0: Direct-Access     Msft     Virtual Disk     1.0  PQ: 0 ANSI: 5
[    0.914652] i8042: PNP: No PS/2 controller found.
[    0.919385] scsi 0:0:0:1: Direct-Access     Msft     Virtual Disk     1.0  PQ: 0 ANSI: 5
[    0.922073] mousedev: PS/2 mouse device common for all mice
[    0.926946] scsi 0:0:0:2: CD-ROM            Msft     Virtual DVD-ROM  1.0  PQ: 0 ANSI: 5
[    0.932692] rtc_cmos 00:02: registered as rtc0
[    0.937076] scsi 0:0:0:0: Attached scsi generic sg0 type 0
[    0.938335] rtc_cmos 00:02: setting system clock to 2026-03-02T10:18:13 UTC (1772446693)
[    0.941036] scsi host1: storvsc_host_t
[    0.946043] rtc_cmos 00:02: alarms up to one month, 114 bytes nvram
[    0.948265] scsi 0:0:0:1: Attached scsi generic sg1 type 0
[    0.951569] device-mapper: core: CONFIG_IMA_DISABLE_HTABLE is disabled. Duplicate IMA measurements will not be recorded in the IMA log.
[    0.955026] sr 0:0:0:2: [sr0] scsi-1 drive
[    0.961963] device-mapper: uevent: version 1.0.3
[    0.964547] cdrom: Uniform CD-ROM driver Revision: 3.20
[    0.967282] device-mapper: ioctl: 4.45.0-ioctl (2021-03-22) initialised: dm-devel@redhat.com
[    0.975192] platform eisa.0: Probing EISA bus 0
[    0.975250] sd 0:0:0:0: [sda] 62916608 512-byte logical blocks: (32.2 GB/30.0 GiB)
[    0.977948] platform eisa.0: EISA: Detected 0 cards
[    0.982283] sd 0:0:0:0: [sda] 4096-byte physical blocks
[    0.985190] intel_pstate: CPU model not supported
[    0.988157] sr 0:0:0:2: Attached scsi generic sg2 type 5
[    0.990905] EFI Variables Facility v0.08 2004-May-17
[    0.994036] sd 0:0:0:1: [sdb] 16777216 512-byte logical blocks: (8.59 GB/8.00 GiB)
[    1.001736] sd 0:0:0:1: [sdb] 4096-byte physical blocks
[    1.003875] hv_utils: Registering HyperV Utility Driver
[    1.005106] sd 0:0:0:0: [sda] Write Protect is off
[    1.007919] hv_vmbus: registering driver hv_utils
[    1.013324] hv_vmbus: registering driver hv_balloon
[    1.013345] sd 0:0:0:1: [sdb] Write Protect is off
[    1.016307] drop_monitor: Initializing network drop monitor service
[    1.018932] hv_utils: Heartbeat IC version 3.0
[    1.022654] NET: Registered PF_INET6 protocol family
[    1.025292] sd 0:0:0:0: [sda] Write cache: enabled, read cache: enabled, supports DPO and FUA
[    1.028505] hv_balloon: Using Dynamic Memory protocol version 2.0
[    1.033069] sd 0:0:0:1: [sdb] Write cache: disabled, read cache: enabled, supports DPO and FUA
[    1.036439] hv_utils: Shutdown IC version 3.2
[    1.042350]  sdb: sdb1
[    1.045596] hv_utils: TimeSync IC version 4.0
[    1.045993] sd 0:0:0:1: [sdb] Attached SCSI disk
[    1.051444] Segment Routing with IPv6
[    1.051556]  sda: sda1 sda14 sda15
[    1.053567] In-situ OAM (IOAM) with IPv6
[    1.056063] sd 0:0:0:0: [sda] Attached SCSI disk
[    1.058073] NET: Registered PF_PACKET protocol family
[    1.064159] Key type dns_resolver registered
[    1.066790] No MBM correction factor available
[    1.069446] IPI shorthand broadcast: enabled
[    1.072036] sched_clock: Marking stable (1045515700, 26495000)->(1287433400, -215422700)
[    1.076732] registered taskstats version 1
[    1.079366] Loading compiled-in X.509 certificates
[    1.083692] Loaded X.509 cert 'Build time autogenerated kernel key: 6e3d177264ee41f697c24d063e930b0bfdd8474d'
[    1.089972] Loaded X.509 cert 'Canonical Ltd. Live Patch Signing: 14df34d1a87cf37625abec039ef2bf521249b969'
[    1.096177] Loaded X.509 cert 'Canonical Ltd. Kernel Module Signing: 88f752e560a1e0737e31163a466ad7b70a850c19'
[    1.101837] blacklist: Loading compiled-in revocation X.509 certificates
[    1.105646] Loaded X.509 cert 'Canonical Ltd. Secure Boot Signing: 61482aa2830d0ab2ad5af10b7250da9033ddcef0'
[    1.111595] Loaded X.509 cert 'Canonical Ltd. Secure Boot Signing (2017): 242ade75ac4a15e50d50c84b0d45ff3eae707a03'
[    1.117313] Loaded X.509 cert 'Canonical Ltd. Secure Boot Signing (ESM 2018): 365188c1d374d6b07c3c8f240f8ef722433d6a8b'
[    1.123238] Loaded X.509 cert 'Canonical Ltd. Secure Boot Signing (2019): c0746fd6c5da3ae827864651ad66ae47fe24b3e8'
[    1.129456] Loaded X.509 cert 'Canonical Ltd. Secure Boot Signing (2021 v1): a8d54bbb3825cfb94fa13c9f8a594a195c107b8d'
[    1.135704] Loaded X.509 cert 'Canonical Ltd. Secure Boot Signing (2021 v2): 4cf046892d6fd3c9a5b03f98d845f90851dc6a8c'
[    1.142081] Loaded X.509 cert 'Canonical Ltd. Secure Boot Signing (2021 v3): 100437bb6de6e469b581e61cd66bce3ef4ed53af'
[    1.148302] Loaded X.509 cert 'Canonical Ltd. Secure Boot Signing (Ubuntu Core 2019): c1d57b8f6b743f23ee41f4f7ee292f06eecadfb9'
[    1.154956] zswap: loaded using pool lzo/zbud
[    1.157960] Key type .fscrypt registered
[    1.160198] Key type fscrypt-provisioning registered
[    1.163394] Key type encrypted registered
[    1.165681] AppArmor: AppArmor sha1 policy hashing enabled
[    1.169406] integrity: Loading X.509 certificate: UEFI:db
[    1.172689] integrity: Loaded X.509 cert 'Microsoft Windows Production PCA 2011: a92902398e16c49778cd90f99e4f9ae17c55af53'
[    1.178845] integrity: Loading X.509 certificate: UEFI:db
[    1.181915] integrity: Loaded X.509 cert 'Microsoft Corporation: Windows UEFI CA 2023: aefc5fbbbe055d8f8daa585473499417ab5a5272'
[    1.189969] integrity: Loading X.509 certificate: UEFI:MokListRT (MOKvar table)
[    1.194547] integrity: Loaded X.509 cert 'Canonical Ltd. Master Certificate Authority: ad91990bc22ab1f517048c23b6655a268e345a63'
[    1.200955] ima: No TPM chip found, activating TPM-bypass!
[    1.204327] Loading compiled-in module X.509 certificates
[    1.207968] Loaded X.509 cert 'Build time autogenerated kernel key: 6e3d177264ee41f697c24d063e930b0bfdd8474d'
[    1.213498] ima: Allocated hash algorithm: sha1
[    1.216006] ima: No architecture policies found
[    1.218606] evm: Initialising EVM extended attributes:
[    1.221628] evm: security.selinux
[    1.223502] evm: security.SMACK64
[    1.225412] evm: security.SMACK64EXEC
[    1.227455] evm: security.SMACK64TRANSMUTE
[    1.229744] evm: security.SMACK64MMAP
[    1.231840] evm: security.apparmor
[    1.233695] evm: security.ima
[    1.235571] evm: security.capability
[    1.237578] evm: HMAC attrs: 0x1
[    1.239670] PM:   Magic number: 2:461:324
[    1.242044] tty tty49: hash matches
[    1.244162] acpi PNP0B00:00: hash matches
[    1.246704] RAS: Correctable Errors collector initialized.
[    1.250041] clk: Disabling unused clocks
[    1.253427] md: Waiting for all devices to be available before autodetect
[    1.257167] md: If you don't use raid, use raid=noautodetect
[    1.260305] md: Autodetecting RAID arrays.
[    1.262567] md: autorun ...
[    1.264159] md: ... autorun DONE.
[    1.269086] EXT4-fs (sda1): mounted filesystem with ordered data mode. Opts: (null). Quota mode: none.
[    1.274284] VFS: Mounted root (ext4 filesystem) readonly on device 8:1.
[    1.278193] devtmpfs: mounted
[    1.280859] Freeing unused decrypted memory: 2036K
[    1.284407] Freeing unused kernel image (initmem) memory: 3100K
[    1.287696] Write protecting the kernel read-only data: 30720k
[    1.291627] Freeing unused kernel image (text/rodata gap) memory: 2036K
[    1.295809] Freeing unused kernel image (rodata/data gap) memory: 1848K
[    1.353383] x86/mm: Checked W+X mappings: passed, no W+X pages found.
[    1.357459] x86/mm: Checking user space page tables
[    1.412463] x86/mm: Checked W+X mappings: passed, no W+X pages found.
[    1.416612] Run /sbin/init as init process
[    1.490306] systemd[1]: Inserted module 'autofs4'
[    1.517137] systemd[1]: systemd 245.4-4ubuntu3.24 running in system mode. (+PAM +AUDIT +SELINUX +IMA +APPARMOR +SMACK +SYSVINIT +UTMP +LIBCRYPTSETUP +GCRYPT +GNUTLS +ACL +XZ +LZ4 +SECCOMP +BLKID +ELFUTILS +KMOD +IDN2 -IDN +PCRE2 default-hierarchy=hybrid)
[    1.531093] systemd[1]: Detected virtualization microsoft.
[    1.534503] systemd[1]: Detected architecture x86-64.

Welcome to [1mUbuntu 20.04.6 LTS[0m!

[    1.574100] systemd[1]: Set hostname to <vm-boot-1>.
[    1.725170] systemd[1]: Configuration file /run/systemd/system/netplan-ovs-cleanup.service is marked world-inaccessible. This has no effect as configuration data is accessible via APIs without restrictions. Proceeding anyway.
[    1.755592] systemd[1]: /lib/systemd/system/snapd.service:23: Unknown key name 'RestartMode' in section 'Service', ignoring.
[    1.770552] systemd[1]: dev-disk-cloud-azure_resource\x2dpart1.device: Requested dependency After=network-online.target ignored (device units cannot be delayed).
[    1.778916] systemd[1]: dev-disk-cloud-azure_resource\x2dpart1.device: Requested dependency After=network.target ignored (device units cannot be delayed).
[    1.839355] systemd[1]: Unnecessary job for /sys/devices/virtual/misc/vmbus!hv_vss was removed.
[    1.844923] systemd[1]: Unnecessary job for /sys/devices/virtual/misc/vmbus!hv_fcopy was removed.
[    1.851079] systemd[1]: Created slice Slice for Azure VM Agent and Extensions.
[[0;32m  OK  [0m] Created slice [0;1;39mSlice for Azure VM Agent and Extensions[0m.
[    1.859476] systemd[1]: Created slice system-modprobe.slice.
[[0;32m  OK  [0m] Created slice [0;1;39msystem-modprobe.slice[0m.
[    1.867036] systemd[1]: Created slice system-serial\x2dgetty.slice.
[[0;32m  OK  [0m] Created slice [0;1;39msystem-serial\x2dgetty.slice[0m.
[    1.874223] systemd[1]: Created slice system-systemd\x2dfsck.slice.
[[0;32m  OK  [0m] Created slice [0;1;39msystem-systemd\x2dfsck.slice[0m.
[    1.881122] systemd[1]: Created slice User and Session Slice.
[[0;32m  OK  [0m] Created slice [0;1;39mUser and Session Slice[0m.
[    1.887663] systemd[1]: Started Forward Password Requests to Wall Directory Watch.
[[0;32m  OK  [0m] Started [0;1;39mForward Password R…uests to Wall Directory Watch[0m.
[    1.896124] systemd[1]: Set up automount Arbitrary Executable File Formats File System Automount Point.
[[0;32m  OK  [0m] Set up automount [0;1;39mArbitrary…s File System Automount Point[0m.
[    1.905472] systemd[1]: Reached target User and Group Name Lookups.
[[0;32m  OK  [0m] Reached target [0;1;39mUser and Group Name Lookups[0m.
[    1.912256] systemd[1]: Reached target Slices.
[[0;32m  OK  [0m] Reached target [0;1;39mSlices[0m.
[    1.917393] systemd[1]: Reached target Mounting snaps.
[[0;32m  OK  [0m] Reached target [0;1;39mMounting snaps[0m.
[    1.922860] systemd[1]: Reached target Swap.
[[0;32m  OK  [0m] Reached target [0;1;39mSwap[0m.
[    1.927636] systemd[1]: Reached target System Time Set.
[[0;32m  OK  [0m] Reached target [0;1;39mSystem Time Set[0m.
[    1.933457] systemd[1]: Listening on Device-mapper event daemon FIFOs.
[[0;32m  OK  [0m] Listening on [0;1;39mDevice-mapper event daemon FIFOs[0m.
[    1.940592] systemd[1]: Listening on LVM2 poll daemon socket.
[[0;32m  OK  [0m] Listening on [0;1;39mLVM2 poll daemon socket[0m.
[    1.946865] systemd[1]: Listening on multipathd control socket.
[[0;32m  OK  [0m] Listening on [0;1;39mmultipathd control socket[0m.
[    1.953484] systemd[1]: Listening on Syslog Socket.
[[0;32m  OK  [0m] Listening on [0;1;39mSyslog Socket[0m.
[    1.959174] systemd[1]: Listening on fsck to fsckd communication Socket.
[[0;32m  OK  [0m] Listening on [0;1;39mfsck to fsckd communication Socket[0m.
[    1.966763] systemd[1]: Listening on initctl Compatibility Named Pipe.
[[0;32m  OK  [0m] Listening on [0;1;39minitctl Compatibility Named Pipe[0m.
[    1.973703] systemd[1]: Listening on Journal Audit Socket.
[[0;32m  OK  [0m] Listening on [0;1;39mJournal Audit Socket[0m.
[    1.980041] systemd[1]: Listening on Journal Socket (/dev/log).
[[0;32m  OK  [0m] Listening on [0;1;39mJournal Socket (/dev/log)[0m.
[    1.986575] systemd[1]: Listening on Journal Socket.
[[0;32m  OK  [0m] Listening on [0;1;39mJournal Socket[0m.
[    1.992297] systemd[1]: Listening on Network Service Netlink Socket.
[[0;32m  OK  [0m] Listening on [0;1;39mNetwork Service Netlink Socket[0m.
[    1.999217] systemd[1]: Listening on udev Control Socket.
[[0;32m  OK  [0m] Listening on [0;1;39mudev Control Socket[0m.
[    2.005019] systemd[1]: Listening on udev Kernel Socket.
[[0;32m  OK  [0m] Listening on [0;1;39mudev Kernel Socket[0m.
[    2.011862] systemd[1]: Mounting Huge Pages File System...
         Mounting [0;1;39mHuge Pages File System[0m...
[    2.018665] systemd[1]: Mounting POSIX Message Queue File System...
         Mounting [0;1;39mPOSIX Message Queue File System[0m...
[    2.026152] systemd[1]: Mounting Kernel Debug File System...
         Mounting [0;1;39mKernel Debug File System[0m...
[    2.032784] systemd[1]: Mounting Kernel Trace File System...
         Mounting [0;1;39mKernel Trace File System[0m...
[    2.039960] systemd[1]: Starting Journal Service...
         Starting [0;1;39mJournal Service[0m...
[    2.046520] systemd[1]: Starting Set the console keyboard layout...
         Starting [0;1;39mSet the console keyboard layout[0m...
[    2.055232] systemd[1]: Starting Create list of static device nodes for the current kernel...
         Starting [0;1;39mCreate list of st…odes for the current kernel[0m...
[    2.065840] systemd[1]: Starting Monitoring of LVM2 mirrors, snapshots etc. using dmeventd or progress polling...
         Starting [0;1;39mMonitoring of LVM…meventd or progress polling[0m...
[    2.084086] systemd[1]: Starting Load Kernel Module chromeos_pstore...
         Starting [0;1;39mLoad Kernel Module chromeos_pstore[0m...
[    2.094470] systemd[1]: Starting Load Kernel Module drm...
         Starting [0;1;39mLoad Kernel Module drm[0m...
[    2.104472] systemd[1]: Starting Load Kernel Module efi_pstore...
         Starting [0;1;39mLoad Kernel Module efi_pstore[0m...
[    2.119380] systemd[1]: Starting Load Kernel Module pstore_blk...
         Starting [0;1;39mLoad Kernel Module pstore_blk[0m...
[    2.129445] systemd[1]: Starting Load Kernel Module pstore_zone...
         Starting [0;1;39mLoad Kernel Module pstore_zone[0m...
[    2.140031] systemd[1]: Starting Load Kernel Module ramoops...
[    2.145661] pstore: Using crash dump compression: deflate
[    2.149182] pstore: Registered efi as persistent store backend
         Starting [0;1;39mLoad Kernel Module ramoops[0m...
[    2.156210] systemd[1]: Condition check resulted in OpenVSwitch configuration for cleanup being skipped.
[    2.162732] systemd[1]: Condition check resulted in Set Up Additional Binary Formats being skipped.
[    2.169046] systemd[1]: Starting File System Check on Root Device...
         Starting [0;1;39mFile System Check on Root Device[0m...
[    2.177482] systemd[1]: Starting Load Kernel Modules...
         Starting [0;1;39mLoad Kernel Modules[0m...
[    2.184563] systemd[1]: Starting udev Coldplug all Devices...
         Starting [0;1;39mudev Coldplug all Devices[0m...
[    2.192576] systemd[1]: Starting Uncomplicated firewall...
         Starting [0;1;39mUncomplicated firewall[0m...
[    2.201039] systemd[1]: Started Journal Service.
[[0;32m  OK  [0m] Started [0;1;39mJournal Service[0m.
[[0;32m  OK  [0m] Mounted [0;1;39mHuge Pages File System[0m.
[[0;32m  OK  [0m] Mounted [0;1;39mPOSIX Message Queue File System[0m.
[[0;32m  OK  [0m] Mounted [0;1;39mKernel Debug File System[0m.
[[0;32m  OK  [0m] Mounted [0;1;39mKernel Trace File System[0m.
[[0;32m  OK  [0m] Finished [0;1;39mSet the console keyboard layout[0m.
[[0;32m  OK  [0m] Finished [0;1;39mCreate list of st… nodes for the current kernel[0m.
[[0;32m  OK  [0m] Finished [0;1;39mLoad Kernel Module chromeos_pstore[0m.
[[0;32m  OK  [0m] Finished [0;1;39mLoad Kernel Module drm[0m.
[[0;32m  OK  [0m] Finished [0;1;39mLoad Kernel Module efi_pstore[0m.
[[0;32m  OK  [0m] Finished [0;1;39mLoad Kernel Module pstore_blk[0m.
[[0;32m  OK  [0m] Finished [0;1;39mLoad Kernel Module pstore_zone[0m.
[[0;32m  OK  [0m] Finished [0;1;39mLoad Kernel Module ramoops[0m.
[[0;32m  OK  [0m] Finished [0;1;39mFile System Check on Root Device[0m.
[[0;32m  OK  [0m] Finished [0;1;39mLoad Kernel Modules[0m.
[[0;32m  OK  [0m] Finished [0;1;39mUncomplicated firewall[0m.
         Mounting [0;1;39mFUSE Control File System[0m...
         Mounting [0;1;39mKernel Configuration File System[0m...
[[0;32m  OK  [0m] Started [0;1;39mFile System Check Daemon to report status[0m.
         Starting [0;1;39mRemount Root and Kernel File Systems[0m...
         Starting [0;1;39mApply Kernel Variables[0m...
[[0;32m  OK  [0m] Mounted [0;1;39mFUSE Control File System[0m.
[[0;32m  OK  [0m] Mounted [0;1;39mKernel Configuration File System[0m.
[[0;32m  OK  [0m] Finished [0;1;39mApply Kernel Variables[0m.
[[0;32m  OK  [0m] Finished [0;1;39mRemount Root and Kernel File Systems[0m.
[[0;32m  OK  [0m] Finished [0;1;39mudev Coldplug all Devices[0m.
         Starting [0;1;39mFlush Journal to Persistent Storage[0m...
         Starting [0;1;39mLoad/Save Random Seed[0m...
         Starting [0;1;39mCreate System Users[0m...
         Starting [0;1;39mudev Wait for Complete Device Initialization[0m...
[[0;32m  OK  [0m] Finished [0;1;39mCreate System Users[0m.
         Starting [0;1;39mCreate Static Device Nodes in /dev[0m...
[[0;32m  OK  [0m] Finished [0;1;39mLoad/Save Random Seed[0m.
[[0;32m  OK  [0m] Finished [0;1;39mCreate Static Device Nodes in /dev[0m.
         Starting [0;1;39mudev Kernel Device Manager[0m...
[[0;32m  OK  [0m] Started [0;1;39mudev Kernel Device Manager[0m.
[[0;32m  OK  [0m] Started [0;1;39mDispatch Password …ts to Console Directory Watch[0m.
[[0;32m  OK  [0m] Reached target [0;1;39mLocal Encrypted Volumes[0m.
[[0;32m  OK  [0m] Finished [0;1;39mFlush Journal to Persistent Storage[0m.
[[0;32m  OK  [0m] Found device [0;1;39m/dev/ttyS0[0m.
[[0;32m  OK  [0m] Listening on [0;1;39mLoad/Save RF …itch Status /dev/rfkill Watch[0m.
[[0;32m  OK  [0m] Found device [0;1;39m/sys/devices/virtual/misc/vmbus!hv_kvp[0m.
[[0;32m  OK  [0m] Started [0;1;39mHyper-V KVP Protocol Daemon[0m.
         Mounting [0;1;39mArbitrary Executable File Formats File System[0m...
[[0;32m  OK  [0m] Mounted [0;1;39mArbitrary Executable File Formats File System[0m.
[[0;32m  OK  [0m] Found device [0;1;39mVirtual_Disk 1[0m.
[[0;32m  OK  [0m] Found device [0;1;39mVirtual_Disk UEFI[0m.
[[0;32m  OK  [0m] Finished [0;1;39mMonitoring of LVM… dmeventd or progress polling[0m.
[[0;32m  OK  [0m] Finished [0;1;39mudev Wait for Complete Device Initialization[0m.
         Starting [0;1;39mDevice-Mapper Multipath Device Controller[0m...
[[0;32m  OK  [0m] Started [0;1;39mDevice-Mapper Multipath Device Controller[0m.
[[0;32m  OK  [0m] Reached target [0;1;39mLocal File Systems (Pre)[0m.
         Mounting [0;1;39mMount unit for core20, revision 2571[0m...
         Mounting [0;1;39mMount unit for lxd, revision 32662[0m...
         Mounting [0;1;39mMount unit for snapd, revision 24671[0m...
         Starting [0;1;39mFile System Check…/dev/disk/by-uuid/F926-9A5A[0m...
         Starting [0;1;39mFile System Check…/cloud/azure_resource-part1[0m...
[[0;32m  OK  [0m] Mounted [0;1;39mMount unit for core20, revision 2571[0m.
[[0;32m  OK  [0m] Mounted [0;1;39mMount unit for lxd, revision 32662[0m.
Checking in progress on 1 disk (0.0% complete)[[0;32m  OK  [0m] Mounted [0;1;39mMount unit for snapd, revision 24671[0m.
[[0;32m  OK  [0m] Finished [0;1;39mFile System Check…sk/cloud/azure_resource-part1[0m.
[[0;32m  OK  [0m] Finished [0;1;39mFile System Check…n /dev/disk/by-uuid/F926-9A5A[0m.
[[0;32m  OK  [0m] Reached target [0;1;39mMounted snaps[0m.
Checking in progress on 0 disks (100.0% complete)         Mounting [0;1;39m/boot/efi[0m...
[[0;32m  OK  [0m] Mounted [0;1;39m/boot/efi[0m.
[[0;32m  OK  [0m] Reached target [0;1;39mLocal File Systems[0m.
         Starting [0;1;39mLoad AppArmor profiles[0m...
         Starting [0;1;39mSet console font and keymap[0m...
         Starting [0;1;39mCreate final runt…dir for shutdown pivot root[0m...
         Starting [0;1;39mTell Plymouth To Write Out Runtime Data[0m...
         Starting [0;1;39mCreate Volatile Files and Directories[0m...
         Starting [0;1;39mSetup network rules for WALinuxAgent[0m...
[[0;32m  OK  [0m] Finished [0;1;39mSet console font and keymap[0m.
[[0;32m  OK  [0m] Finished [0;1;39mCreate final runt…e dir for shutdown pivot root[0m.
[[0;32m  OK  [0m] Finished [0;1;39mTell Plymouth To Write Out Runtime Data[0m.
[[0;32m  OK  [0m] Finished [0;1;39mCreate Volatile Files and Directories[0m.
         Starting [0;1;39mUpdate UTMP about System Boot/Shutdown[0m...
[[0;32m  OK  [0m] Finished [0;1;39mUpdate UTMP about System Boot/Shutdown[0m.
[[0;32m  OK  [0m] Finished [0;1;39mLoad AppArmor profiles[0m.
         Starting [0;1;39mLoad AppArmor pro…managed internally by snapd[0m...
         Starting [0;1;39mCloud-init: Local Stage (pre-network)[0m...
[[0;32m  OK  [0m] Finished [0;1;39mLoad AppArmor pro…s managed internally by snapd[0m.
[[0;32m  OK  [0m] Finished [0;1;39mSetup network rules for WALinuxAgent[0m.
[    5.441881] cloud-init[544]: Cloud-init v. 24.4.1-0ubuntu0~20.04.2 running 'init-local' at Mon, 02 Mar 2026 10:18:18 +0000. Up 4.97 seconds.
[[0;32m  OK  [0m] Finished [0;1;39mCloud-init: Local Stage (pre-network)[0m.
[[0;32m  OK  [0m] Reached target [0;1;39mNetwork (Pre)[0m.
         Starting [0;1;39mNetwork Service[0m...
[[0;32m  OK  [0m] Started [0;1;39mNetwork Service[0m.
         Starting [0;1;39mWait for Network to be Configured[0m...
         Starting [0;1;39mNetwork Name Resolution[0m...
[[0;32m  OK  [0m] Started [0;1;39mNetwork Name Resolution[0m.
[[0;32m  OK  [0m] Reached target [0;1;39mNetwork[0m.
[[0;32m  OK  [0m] Reached target [0;1;39mHost and Network Name Lookups[0m.
[[0;32m  OK  [0m] Finished [0;1;39mWait for Network to be Configured[0m.
         Starting [0;1;39mCloud-init: Network Stage[0m...
[    7.592712] cloud-init[583]: Cloud-init v. 24.4.1-0ubuntu0~20.04.2 running 'init' at Mon, 02 Mar 2026 10:18:20 +0000. Up 7.43 seconds.
[    7.598029] cloud-init[583]: ci-info: +++++++++++++++++++++++++++++++++++++++Net device info+++++++++++++++++++++++++++++++++++++++
[    7.603268] cloud-init[583]: ci-info: +--------+------+------------------------------+---------------+--------+-------------------+
[    7.608538] cloud-init[583]: ci-info: | Device |  Up  |           Address            |      Mask     | Scope  |     Hw-Address    |
[    7.613601] cloud-init[583]: ci-info: +--------+------+------------------------------+---------------+--------+-------------------+
[    7.619029] cloud-init[583]: ci-info: |  eth0  | True |          10.10.1.4           | 255.255.255.0 | global | 60:45:bd:2e:e3:8c |
[    7.624706] cloud-init[583]: ci-info: |  eth0  | True | fe80::6245:bdff:fe2e:e38c/64 |       .       |  link  | 60:45:bd:2e:e3:8c |
[    7.629866] cloud-init[583]: ci-info: |   lo   | True |          127.0.0.1           |   255.0.0.0   |  host  |         .         |
[    7.635133] cloud-init[583]: ci-info: |   lo   | True |           ::1/128            |       .       |  host  |         .         |
[    7.640555] cloud-init[583]: ci-info: +--------+------+------------------------------+---------------+--------+-------------------+
[    7.645649] cloud-init[583]: ci-info: +++++++++++++++++++++++++++++++Route IPv4 info+++++++++++++++++++++++++++++++
[    7.653504] cloud-init[583]: ci-info: +-------+-----------------+-----------+-----------------+-----------+-------+
[    7.658207] cloud-init[583]: ci-info: | Route |   Destination   |  Gateway  |     Genmask     | Interface | Flags |
[    7.662860] cloud-init[583]: ci-info: +-------+-----------------+-----------+-----------------+-----------+-------+
[    7.667883] cloud-init[583]: ci-info: |   0   |     0.0.0.0     | 10.10.1.1 |     0.0.0.0     |    eth0   |   UG  |
[    7.672704] cloud-init[583]: ci-info: |   1   |    10.10.1.0    |  0.0.0.0  |  255.255.255.0  |    eth0   |   U   |
[    7.677328] cloud-init[583]: ci-info: |   2   |  168.63.129.16  | 10.10.1.1 | 255.255.255.255 |    eth0   |  UGH  |
[    7.681772] cloud-init[583]: ci-info: |   3   | 169.254.169.254 | 10.10.1.1 | 255.255.255.255 |    eth0   |  UGH  |
[    7.686847] cloud-init[583]: ci-info: +-------+-----------------+-----------+-----------------+-----------+-------+
[    7.691367] cloud-init[583]: ci-info: +++++++++++++++++++Route IPv6 info+++++++++++++++++++
[    7.695245] cloud-init[583]: ci-info: +-------+-------------+---------+-----------+-------+
[    7.698731] cloud-init[583]: ci-info: | Route | Destination | Gateway | Interface | Flags |
[    7.702640] cloud-init[583]: ci-info: +-------+-------------+---------+-----------+-------+
[    7.707072] cloud-init[583]: ci-info: |   1   |  fe80::/64  |    ::   |    eth0   |   U   |
[    7.710991] cloud-init[583]: ci-info: |   3   |    local    |    ::   |    eth0   |   U   |
[    7.714700] cloud-init[583]: ci-info: |   4   |  multicast  |    ::   |    eth0   |   U   |
[    7.718366] cloud-init[583]: ci-info: +-------+-------------+---------+-----------+-------+
[[0;32m  OK  [0m] Finished [0;1;39mCloud-init: Network Stage[0m.
[[0;32m  OK  [0m] Reached target [0;1;39mCloud-config availability[0m.
[[0;32m  OK  [0m] Reached target [0;1;39mNetwork is Online[0m.
[[0;32m  OK  [0m] Reached target [0;1;39mSystem Initialization[0m.
[[0;32m  OK  [0m] Started [0;1;39mDaily Cleanup of Temporary Directories[0m.
[[0;32m  OK  [0m] Reached target [0;1;39mPaths[0m.
[[0;32m  OK  [0m] Listening on [0;1;39mcloud-init hotplug hook socket[0m.
[[0;32m  OK  [0m] Listening on [0;1;39mD-Bus System Message Bus Socket[0m.
[[0;32m  OK  [0m] Listening on [0;1;39mOpen-iSCSI iscsid Socket[0m.
[[0;32m  OK  [0m] Listening on [0;1;39mSocket unix for snap application lxd.daemon[0m.
         Starting [0;1;39mSocket activation for snappy daemon[0m.
[[0;32m  OK  [0m] Listening on [0;1;39mUUID daemon activation socket[0m.
[[0;32m  OK  [0m] Reached target [0;1;39mRemote File Systems (Pre)[0m.
[[0;32m  OK  [0m] Reached target [0;1;39mRemote File Systems[0m.
         Mounting [0;1;39m/mnt[0m...
         Starting [0;1;39mAvailability of block devices[0m...
[[0;32m  OK  [0m] Listening on [0;1;39mSocket activation for snappy daemon[0m.
[[0;32m  OK  [0m] Finished [0;1;39mAvailability of block devices[0m.
[[0;32m  OK  [0m] Reached target [0;1;39mSockets[0m.
[[0;32m  OK  [0m] Reached target [0;1;39mBasic System[0m.
         Starting [0;1;39mAccounts Service[0m...
         Starting [0;1;39mLSB: automatic crash report generation[0m...
         Starting [0;1;39mDeferred execution scheduler[0m...
         Starting [0;1;39mchrony, an NTP client/server[0m...
[[0;32m  OK  [0m] Started [0;1;39mRegular background program processing daemon[0m.
[[0;32m  OK  [0m] Started [0;1;39mD-Bus System Message Bus[0m.
[[0;32m  OK  [0m] Started [0;1;39mSave initial kernel messages after boot[0m.
         Starting [0;1;39mRemove Stale Onli…t4 Metadata Check Snapshots[0m...
         Starting [0;1;39mRecord successful boot for GRUB[0m...
[[0;32m  OK  [0m] Started [0;1;39mirqbalance daemon[0m.
         Starting [0;1;39mDispatcher daemon for systemd-networkd[0m...
         Starting [0;1;39mAuthorization Manager[0m...
         Starting [0;1;39mSystem Logging Service[0m...
         Starting [0;1;39mSecure Boot updates for DB and DBX[0m...
         Starting [0;1;39mService for snap application lxd.activate[0m...
[[0;32m  OK  [0m] Reached target [0;1;39mLogin Prompts (Pre)[0m.
         Starting [0;1;39mWait until snapd is fully seeded[0m...
         Starting [0;1;39mSnap Daemon[0m...
         Starting [0;1;39mOpenBSD Secure Shell server[0m...
         Starting [0;1;39mResets System Activity Data Collector[0m...
         Starting [0;1;39mLogin Service[0m...
         Starting [0;1;39mPermit User Sessions[0m...
[[0;32m  OK  [0m] Started [0;1;39mUbuntu Pro Background Auto Attach[0m.
         Starting [0;1;39mDisk Manager[0m...
[[0;32m  OK  [0m] Started [0;1;39mAzure Linux Agent[0m.
[[0;32m  OK  [0m] Mounted [0;1;39m/mnt[0m.
[[0;32m  OK  [0m] Started [0;1;39mDeferred execution scheduler[0m.
[[0;32m  OK  [0m] Finished [0;1;39mRemove Stale Onli…ext4 Metadata Check Snapshots[0m.
[[0;32m  OK  [0m] Finished [0;1;39mResets System Activity Data Collector[0m.
[[0;32m  OK  [0m] Finished [0;1;39mPermit User Sessions[0m.
         Starting [0;1;39mHold until boot process finishes up[0m...
         Starting [0;1;39mTerminate Plymouth Boot Screen[0m...
[[0;32m  OK  [0m] Started [0;1;39mSystem Logging Service[0m.
[[0;32m  OK  [0m] Finished [0;1;39mHold until boot process finishes up[0m.
[[0;32m  OK  [0m] Finished [0;1;39mTerminate Plymouth Boot Screen[0m.
[[0;32m  OK  [0m] Started [0;1;39mSerial Getty on ttyS0[0m.
         Starting [0;1;39mSet console scheme[0m...
[[0;32m  OK  [0m] Finished [0;1;39mSet console scheme[0m.
[[0;32m  OK  [0m] Started [0;1;39mAuthorization Manager[0m.
[[0;32m  OK  [0m] Created slice [0;1;39msystem-getty.slice[0m.
         Starting [0;1;39mModem Manager[0m...
[[0;32m  OK  [0m] Started [0;1;39mGetty on tty1[0m.
[[0;32m  OK  [0m] Reached target [0;1;39mLogin Prompts[0m.
[[0;32m  OK  [0m] Started [0;1;39mLSB: automatic crash report generation[0m.
[[0;32m  OK  [0m] Started [0;1;39mAccounts Service[0m.
[[0;32m  OK  [0m] Finished [0;1;39mRecord successful boot for GRUB[0m.
[[0;32m  OK  [0m] Finished [0;1;39mSecure Boot updates for DB and DBX[0m.
         Starting [0;1;39mGRUB failed boot detection[0m...
[[0;32m  OK  [0m] Started [0;1;39mOpenBSD Secure Shell server[0m.
[[0;32m  OK  [0m] Finished [0;1;39mGRUB failed boot detection[0m.
2026-03-02T10:18:21.805768Z INFO Daemon Azure Linux Agent Version:2.2.46
2026-03-02T10:18:21.809016Z INFO Daemon OS: ubuntu 20.04
2026-03-02T10:18:21.811816Z INFO Daemon Python: 3.8.10
2026-03-02T10:18:21.824982Z INFO Daemon CGroups Status: The cgroup filesystem is ready to use
2026-03-02T10:18:21.829375Z INFO Daemon Run daemon
[[0;32m  OK  [0m] Started [0;1;39mchrony, an NTP client/server[0m.
[[0;32m  OK  [0m] Reached target [0;1;39mSystem Time Synchronized[0m.
[[0;32m  OK  [0m] Started [0;1;39mDaily apt download activities[0m.
[[0;32m  OK  [0m] Started [0;1;39mDaily apt upgrade and clean activities[0m.
[[0;32m  OK  [0m] Started [0;1;39mPeriodic ext4 Onli…ata Check for All Filesystems[0m.
[[0;32m  OK  [0m] Started [0;1;39mDiscard unused blocks once a week[0m.
[[0;32m  OK  [0m] Started [0;1;39mRefresh fwupd metadata regularly[0m.
[[0;32m  OK  [0m] Started [0;1;39mDaily rotation of log files[0m.
[[0;32m  OK  [0m] Started [0;1;39mDaily man-db regeneration[0m.
[[0;32m  OK  [0m] Started [0;1;39mMessage of the Day[0m.
[[0;32m  OK  [0m] Reached target [0;1;39mTimers[0m.
2026-03-02T10:18:21.893045Z INFO Daemon cloud-init is enabled: True
2026-03-02T10:18:21.896516Z INFO Daemon Using cloud-init for provisioning
2026-03-02T10:18:21.900002Z INFO Daemon Clean protocol and wireserver endpoint
2026-03-02T10:18:21.905902Z INFO Daemon Provisioning already completed, skipping.
2026-03-02T10:18:21.909537Z INFO Daemon RDMA capabilities are not enabled, skipping
2026-03-02T10:18:21.919371Z INFO Daemon Determined Agent WALinuxAgent-2.15.1.3 to be the latest agent
[[0;32m  OK  [0m] Started [0;1;39mDispatcher daemon for systemd-networkd[0m.
[[0;32m  OK  [0m] Started [0;1;39mLogin Service[0m.
[[0;32m  OK  [0m] Started [0;1;39mUnattended Upgrades Shutdown[0m.
[[0;32m  OK  [0m] Started [0;1;39mModem Manager[0m.
[[0;32m  OK  [0m] Started [0;1;39mDisk Manager[0m.
2026-03-02T10:18:22.358095Z INFO ExtHandler ExtHandler The agent will now check for updates and then will process extensions. Output to /dev/console will be suspended during those operations.

Ubuntu 20.04.6 LTS vm-boot-1 ttyS0

vm-boot-1 login: [   14.433312] cloud-init[946]: Cloud-init v. 24.4.1-0ubuntu0~20.04.2 running 'modules:config' at Mon, 02 Mar 2026 10:18:27 +0000. Up 14.33 seconds.
[   14.984073] cloud-init[962]: Cloud-init v. 24.4.1-0ubuntu0~20.04.2 running 'modules:final' at Mon, 02 Mar 2026 10:18:28 +0000. Up 14.87 seconds.
[   14.985332] cloud-init[962]: Cloud-init v. 24.4.1-0ubuntu0~20.04.2 finished at Mon, 02 Mar 2026 10:18:28 +0000. Datasource DataSourceAzure [seed=/var/lib/waagent].  Up 14.97 seconds
                                                                                                              